Feb-21 13:45:48.567 [main] DEBUG nextflow.cli.Launcher - $> nextflow run rnaseq-nf -with-wave
Feb-21 13:45:48.608 [main] DEBUG nextflow.cli.CmdRun - N E X T F L O W  ~  version 24.10.4
Feb-21 13:45:48.620 [main] DEBUG nextflow.plugin.PluginsFacade - Setting up plugin manager > mode=prod; embedded=false; plugins-dir=/Users/edmundmiller/.nextflow/plugins; core-plugins: nf-amazon@2.9.2,nf-azure@1.10.2,nf-cloudcache@0.4.2,nf-codecommit@0.2.2,nf-console@1.1.4,nf-google@1.15.3,nf-tower@1.9.3,nf-wave@1.7.4
Feb-21 13:45:48.630 [main] INFO  o.pf4j.DefaultPluginStatusProvider - Enabled plugins: []
Feb-21 13:45:48.630 [main] INFO  o.pf4j.DefaultPluginStatusProvider - Disabled plugins: []
Feb-21 13:45:48.631 [main] INFO  org.pf4j.DefaultPluginManager - PF4J version 3.12.0 in 'deployment' mode
Feb-21 13:45:48.636 [main] INFO  org.pf4j.AbstractPluginManager - No plugins
Feb-21 13:45:48.641 [main] DEBUG nextflow.scm.ProviderConfig - Using SCM config path: /Users/edmundmiller/.nextflow/scm
Feb-21 13:45:48.644 [main] DEBUG nextflow.scm.AssetManager - Listing projects in folder: /Users/edmundmiller/.nextflow/assets
Feb-21 13:45:48.891 [main] DEBUG nextflow.scm.AssetManager - Git config: /Users/edmundmiller/.nextflow/assets/nextflow-io/rnaseq-nf/.git/config; branch: null; remote: origin; url: https://github.com/nextflow-io/rnaseq-nf.git
Feb-21 13:45:48.903 [main] DEBUG nextflow.scm.RepositoryFactory - Found Git repository result: [RepositoryFactory]
Feb-21 13:45:48.907 [main] DEBUG nextflow.scm.AssetManager - Git config: /Users/edmundmiller/.nextflow/assets/nextflow-io/rnaseq-nf/.git/config; branch: null; remote: origin; url: https://github.com/nextflow-io/rnaseq-nf.git
Feb-21 13:45:49.418 [main] DEBUG nextflow.config.ConfigBuilder - Found config home: /Users/edmundmiller/.nextflow/config
Feb-21 13:45:49.419 [main] DEBUG nextflow.config.ConfigBuilder - Found config base: /Users/edmundmiller/.nextflow/assets/nextflow-io/rnaseq-nf/nextflow.config
Feb-21 13:45:49.419 [main] DEBUG nextflow.config.ConfigBuilder - Found config local: /Users/edmundmiller/src/seqera/wave-showcase/example4/nextflow.config
Feb-21 13:45:49.420 [main] DEBUG nextflow.config.ConfigBuilder - Parsing config file: /Users/edmundmiller/.nextflow/config
Feb-21 13:45:49.420 [main] DEBUG nextflow.config.ConfigBuilder - Parsing config file: /Users/edmundmiller/.nextflow/assets/nextflow-io/rnaseq-nf/nextflow.config
Feb-21 13:45:49.421 [main] DEBUG nextflow.config.ConfigBuilder - Parsing config file: /Users/edmundmiller/src/seqera/wave-showcase/example4/nextflow.config
Feb-21 13:45:49.427 [main] DEBUG n.secret.LocalSecretsProvider - Secrets store: /Users/edmundmiller/.nextflow/secrets/store.json
Feb-21 13:45:49.428 [main] DEBUG nextflow.secret.SecretsLoader - Discovered secrets providers: [nextflow.secret.LocalSecretsProvider@487cd177] - activable => nextflow.secret.LocalSecretsProvider@487cd177
Feb-21 13:45:49.431 [main] DEBUG nextflow.config.ConfigBuilder - Applying config profile: `standard`
Feb-21 13:45:49.457 [main] DEBUG nextflow.config.ConfigBuilder - Applying config profile: `standard`
Feb-21 13:45:49.495 [main] DEBUG nextflow.config.ConfigBuilder - Applying config profile: `standard`
Feb-21 13:45:49.511 [main] DEBUG nextflow.cli.CmdRun - Applied DSL=2 by global default
Feb-21 13:45:49.512 [main] DEBUG nextflow.cli.CmdRun - Launching `https://github.com/nextflow-io/rnaseq-nf` [elegant_meitner] DSL2 - revision: 1815dc2a18 [master]
Feb-21 13:45:49.513 [main] DEBUG nextflow.plugin.PluginsFacade - Plugins declared=[nf-notify@0.1.0]
Feb-21 13:45:49.513 [main] DEBUG nextflow.plugin.PluginsFacade - Plugins default=[]
Feb-21 13:45:49.513 [main] DEBUG nextflow.plugin.PluginsFacade - Plugins resolved requirement=[nf-notify@0.1.0, nf-tower@1.9.3, nf-wave@1.7.4]
Feb-21 13:45:49.514 [main] DEBUG nextflow.plugin.PluginUpdater - Installing plugin nf-notify version: 0.1.0
Feb-21 13:45:49.517 [main] INFO  org.pf4j.AbstractPluginManager - Plugin 'nf-notify@0.1.0' resolved
Feb-21 13:45:49.517 [main] INFO  org.pf4j.AbstractPluginManager - Start plugin 'nf-notify@0.1.0'
Feb-21 13:45:49.518 [main] DEBUG nextflow.plugin.BasePlugin - Plugin started nf-notify@0.1.0
Feb-21 13:45:49.518 [main] DEBUG nextflow.plugin.PluginUpdater - Installing plugin nf-tower version: 1.9.3
Feb-21 13:45:49.520 [main] INFO  org.pf4j.AbstractPluginManager - Plugin 'nf-tower@1.9.3' resolved
Feb-21 13:45:49.520 [main] INFO  org.pf4j.AbstractPluginManager - Start plugin 'nf-tower@1.9.3'
Feb-21 13:45:49.525 [main] DEBUG nextflow.plugin.BasePlugin - Plugin started nf-tower@1.9.3
Feb-21 13:45:49.525 [main] DEBUG nextflow.plugin.PluginUpdater - Installing plugin nf-wave version: 1.7.4
Feb-21 13:45:49.529 [main] INFO  org.pf4j.AbstractPluginManager - Plugin 'nf-wave@1.7.4' resolved
Feb-21 13:45:49.529 [main] INFO  org.pf4j.AbstractPluginManager - Start plugin 'nf-wave@1.7.4'
Feb-21 13:45:49.541 [main] DEBUG nextflow.plugin.BasePlugin - Plugin started nf-wave@1.7.4
Feb-21 13:45:49.562 [main] DEBUG nextflow.Session - Session UUID: bc5ed8c5-7c31-4074-9360-a71065b96357
Feb-21 13:45:49.562 [main] DEBUG nextflow.Session - Run name: elegant_meitner
Feb-21 13:45:49.562 [main] DEBUG nextflow.Session - Executor pool size: 11
Feb-21 13:45:49.565 [main] DEBUG nextflow.file.FilePorter - File porter settings maxRetries=3; maxTransfers=50; pollTimeout=null
Feb-21 13:45:49.567 [main] DEBUG nextflow.util.ThreadPoolBuilder - Creating thread pool 'FileTransfer' minSize=10; maxSize=33; workQueue=LinkedBlockingQueue[10000]; allowCoreThreadTimeout=false
Feb-21 13:45:49.575 [main] DEBUG nextflow.cli.CmdRun - 
  Version: 24.10.4 build 5934
  Created: 20-01-2025 16:47 UTC (10:47 CDT)
  System: Mac OS X 15.3.1
  Runtime: Groovy 4.0.23 on OpenJDK 64-Bit Server VM 17.0.10+7
  Encoding: UTF-8 (UTF-8)
  Process: 8561@Mac.attlocal.net [192.168.1.202]
  CPUs: 11 - Mem: 36 GB (175.1 MB) - Swap: 5 GB (1.3 GB)
Feb-21 13:45:49.581 [main] DEBUG nextflow.Session - Work-dir: /Users/edmundmiller/src/seqera/wave-showcase/example4/work [Mac OS X]
Feb-21 13:45:49.597 [main] DEBUG nextflow.executor.ExecutorFactory - Extension executors providers=[]
Feb-21 13:45:49.602 [main] DEBUG nextflow.Session - Observer factory: DefaultObserverFactory
Feb-21 13:45:49.603 [main] DEBUG nextflow.Session - Observer factory: WaveFactory
Feb-21 13:45:49.604 [main] DEBUG nextflow.Session - Observer factory: TowerFactory
Feb-21 13:45:49.618 [main] DEBUG nextflow.cache.CacheFactory - Using Nextflow cache factory: nextflow.cache.DefaultCacheFactory
Feb-21 13:45:49.623 [main] DEBUG nextflow.util.CustomThreadPool - Creating default thread pool > poolSize: 12; maxThreads: 1000
Feb-21 13:45:49.649 [main] DEBUG nextflow.Session - Session start
Feb-21 13:45:49.718 [main] DEBUG nextflow.script.ScriptRunner - > Launching execution
Feb-21 13:45:49.870 [main] INFO  nextflow.Nextflow -   R N A S E Q - N F   P I P E L I N E
  ===================================
  transcriptome: /Users/edmundmiller/.nextflow/assets/nextflow-io/rnaseq-nf/data/ggal/ggal_1_48850000_49020000.Ggal71.500bpflank.fa
  reads        : /Users/edmundmiller/.nextflow/assets/nextflow-io/rnaseq-nf/data/ggal/ggal_gut_{1,2}.fq
  outdir       : results
  
Feb-21 13:45:49.926 [main] DEBUG nextflow.executor.ExecutorFactory - << taskConfig executor: null
Feb-21 13:45:49.926 [main] DEBUG nextflow.executor.ExecutorFactory - >> processorType: 'local'
Feb-21 13:45:49.929 [main] DEBUG nextflow.executor.Executor - [warm up] executor > local
Feb-21 13:45:49.931 [main] DEBUG n.processor.LocalPollingMonitor - Creating local task monitor for executor 'local' > cpus=11; memory=36 GB; capacity=11; pollInterval=100ms; dumpInterval=5m
Feb-21 13:45:49.933 [main] DEBUG n.processor.TaskPollingMonitor - >>> barrier register (monitor: local)
Feb-21 13:45:49.985 [main] DEBUG nextflow.executor.ExecutorFactory - << taskConfig executor: null
Feb-21 13:45:49.985 [main] DEBUG nextflow.executor.ExecutorFactory - >> processorType: 'local'
Feb-21 13:45:49.991 [main] DEBUG nextflow.executor.ExecutorFactory - << taskConfig executor: null
Feb-21 13:45:49.992 [main] DEBUG nextflow.executor.ExecutorFactory - >> processorType: 'local'
Feb-21 13:45:50.013 [main] DEBUG nextflow.executor.ExecutorFactory - << taskConfig executor: null
Feb-21 13:45:50.014 [main] DEBUG nextflow.executor.ExecutorFactory - >> processorType: 'local'
Feb-21 13:45:50.018 [main] DEBUG nextflow.Session - Workflow process names [dsl2]: FASTQC, RNASEQ:INDEX, RNASEQ:QUANT, MULTIQC, INDEX, RNASEQ:FASTQC, QUANT
Feb-21 13:45:50.018 [main] DEBUG nextflow.Session - Igniting dataflow network (5)
Feb-21 13:45:50.023 [PathVisitor-1] DEBUG nextflow.file.PathVisitor - files for syntax: glob; folder: /Users/edmundmiller/.nextflow/assets/nextflow-io/rnaseq-nf/data/ggal/; pattern: ggal_gut_{1,2}.fq; options: [checkIfExists:true]
Feb-21 13:45:50.024 [main] DEBUG nextflow.processor.TaskProcessor - Starting process > RNASEQ:INDEX
Feb-21 13:45:50.024 [main] DEBUG nextflow.processor.TaskProcessor - Starting process > RNASEQ:FASTQC
Feb-21 13:45:50.024 [main] DEBUG nextflow.processor.TaskProcessor - Starting process > RNASEQ:QUANT
Feb-21 13:45:50.024 [main] DEBUG nextflow.processor.TaskProcessor - Starting process > MULTIQC
Feb-21 13:45:50.025 [main] DEBUG nextflow.script.ScriptRunner - Parsed script files:
  Script_84e0c0846989c3f9: /Users/edmundmiller/.nextflow/assets/nextflow-io/rnaseq-nf/./modules/./fastqc/main.nf
  Script_ddb63d1e49bbbd23: /Users/edmundmiller/.nextflow/assets/nextflow-io/rnaseq-nf/./modules/./index/main.nf
  Script_93ab1d6aaf1fee24: /Users/edmundmiller/.nextflow/assets/nextflow-io/rnaseq-nf/./modules/./quant/main.nf
  Script_ff16f4ec3543575c: /Users/edmundmiller/.nextflow/assets/nextflow-io/rnaseq-nf/./modules/rnaseq.nf
  Script_802cb7373e975c93: /Users/edmundmiller/.nextflow/assets/nextflow-io/rnaseq-nf/main.nf
  Script_9098cb003c627ceb: /Users/edmundmiller/.nextflow/assets/nextflow-io/rnaseq-nf/./modules/multiqc/main.nf
Feb-21 13:45:50.025 [main] DEBUG nextflow.script.ScriptRunner - > Awaiting termination 
Feb-21 13:45:50.025 [main] DEBUG nextflow.Session - Session await
Feb-21 13:45:50.083 [Actor Thread 12] DEBUG io.seqera.wave.plugin.WaveClient - Wave config: WaveConfig(enabled:true, endpoint:https://wave.seqera.io, containerConfigUrl:[], tokensCacheMaxDuration:30m, condaOpts:CondaOpts(mambaImage=mambaorg/micromamba:1.5.10-noble; basePackages=conda-forge::procps-ng, commands=null), spackOpts:SpackOpts(basePackages=null, commands=null), strategy:[conda], bundleProjectResources:null, buildRepository:null, cacheRepository:null, retryOpts:RetryOpts(delay:450ms, maxDelay:1m 30s, maxAttempts:10, jitter:0.25), httpClientOpts:HttpOpts(), freezeMode:true, preserveFileTimestamp:null, buildMaxDuration:40m, mirrorMode:null, scanMode:null, scanAllowedLevels:null)
Feb-21 13:45:50.117 [Actor Thread 8] DEBUG io.seqera.wave.plugin.WaveClient - Wave request: https://wave.seqera.io/v1alpha2/container; attempt=1 - request: SubmitContainerTokenRequest(towerAccessToken:eyJ0aWQiOiAxMDY3MH0uOGE0MDAwMDc1ZjdiNGE1MzlkMmRjMWNkYWU5NjAwNmJlZWZkN2Y2Mw==, towerRefreshToken:null, towerWorkspaceId:null, towerEndpoint:https://api.cloud.seqera.io, containerImage:null, containerFile:null, containerConfig:ContainerConfig(), condaFile:null, spackFile:null, containerPlatform:linux/amd64, buildRepository:null, cacheRepository:null, timestamp:2025-02-21T13:45:50.112224-06:00, fingerprint:b7a93860a09a6c28bde7be3236925e96, freeze:true, format:null, dryRun:false, workflowId:null, containerIncludes:null, packages:PackagesSpec{type=CONDA, envFile='null', packages=[bioconda::fastqc=0.12.1], condaOpts=CondaOpts(mambaImage=mambaorg/micromamba:1.5.10-noble; basePackages=conda-forge::procps-ng, commands=null), spackOpts=null, channels=conda-forge,bioconda}, nameStrategy:null, mirror:false, scanMode:null, scanLevels:null)
Feb-21 13:45:50.117 [Actor Thread 12] DEBUG io.seqera.wave.plugin.WaveClient - Wave request: https://wave.seqera.io/v1alpha2/container; attempt=1 - request: SubmitContainerTokenRequest(towerAccessToken:eyJ0aWQiOiAxMDY3MH0uOGE0MDAwMDc1ZjdiNGE1MzlkMmRjMWNkYWU5NjAwNmJlZWZkN2Y2Mw==, towerRefreshToken:null, towerWorkspaceId:null, towerEndpoint:https://api.cloud.seqera.io, containerImage:null, containerFile:null, containerConfig:ContainerConfig(), condaFile:null, spackFile:null, containerPlatform:linux/amd64, buildRepository:null, cacheRepository:null, timestamp:2025-02-21T13:45:50.112224-06:00, fingerprint:647327b24207f4c8abcc88561872cd05, freeze:true, format:null, dryRun:false, workflowId:null, containerIncludes:null, packages:PackagesSpec{type=CONDA, envFile='null', packages=[bioconda::salmon=1.10.3], condaOpts=CondaOpts(mambaImage=mambaorg/micromamba:1.5.10-noble; basePackages=conda-forge::procps-ng, commands=null), spackOpts=null, channels=conda-forge,bioconda}, nameStrategy:null, mirror:false, scanMode:null, scanLevels:null)
Feb-21 13:45:51.942 [Actor Thread 12] DEBUG io.seqera.wave.plugin.WaveClient - Wave response: statusCode=200; body={"requestId":"eaaea953f0e8","targetImage":"community.wave.seqera.io/library/salmon:1.10.3--fcd0755dd8abb423","containerImage":"community.wave.seqera.io/library/salmon:1.10.3--fcd0755dd8abb423","buildId":"bd-fcd0755dd8abb423_1","cached":true,"freeze":true,"mirror":false,"scanId":"sc-a0a1e96afeb137ca_9"}
Feb-21 13:45:51.968 [Actor Thread 12] DEBUG nextflow.util.HashBuilder - Hash asset file sha-256: /Users/edmundmiller/.nextflow/assets/nextflow-io/rnaseq-nf/data/ggal/ggal_1_48850000_49020000.Ggal71.500bpflank.fa
Feb-21 13:45:52.224 [Actor Thread 8] DEBUG io.seqera.wave.plugin.WaveClient - Wave response: statusCode=200; body={"requestId":"3b553518272f","targetImage":"community.wave.seqera.io/library/fastqc:0.12.1--af7a5314d5015c29","containerImage":"community.wave.seqera.io/library/fastqc:0.12.1--af7a5314d5015c29","buildId":"bd-af7a5314d5015c29_1","cached":true,"freeze":true,"mirror":false,"scanId":"sc-a618548acbee5a8a_13"}
Feb-21 13:45:52.225 [Actor Thread 8] DEBUG nextflow.util.HashBuilder - Hash asset file sha-256: /Users/edmundmiller/.nextflow/assets/nextflow-io/rnaseq-nf/data/ggal/ggal_gut_1.fq
Feb-21 13:45:52.230 [Actor Thread 8] DEBUG nextflow.util.HashBuilder - Hash asset file sha-256: /Users/edmundmiller/.nextflow/assets/nextflow-io/rnaseq-nf/data/ggal/ggal_gut_2.fq
Feb-21 13:45:52.234 [Actor Thread 8] DEBUG nextflow.util.HashBuilder - Hash asset file sha-256: /Users/edmundmiller/.nextflow/assets/nextflow-io/rnaseq-nf/bin/fastqc.sh
Feb-21 13:45:52.511 [Task submitter] DEBUG io.seqera.wave.plugin.WaveClient - Wave container status response: statusCode=200; body={"id":"eaaea953f0e8","status":"DONE","buildId":"bd-fcd0755dd8abb423_1","scanId":"sc-a0a1e96afeb137ca_9","succeeded":true,"creationTime":"2024-10-21T10:21:00.229309623Z","duration":94.496146996}
Feb-21 13:45:52.555 [Task submitter] DEBUG n.executor.local.LocalTaskHandler - Launch cmd line: /bin/bash -ue .command.run
Feb-21 13:45:52.556 [Task submitter] INFO  nextflow.Session - [a2/d2ac8a] Submitted process > RNASEQ:INDEX (ggal_1_48850000_49020000)
Feb-21 13:45:52.860 [Task monitor] DEBUG n.processor.TaskPollingMonitor - Task completed > TaskHandler[id: 1; name: RNASEQ:INDEX (ggal_1_48850000_49020000); status: COMPLETED; exit: 125; error: -; workDir: /Users/edmundmiller/src/seqera/wave-showcase/example4/work/a2/d2ac8afc03b166162ed44ae37e8e52]
Feb-21 13:45:52.861 [Task monitor] DEBUG nextflow.util.ThreadPoolBuilder - Creating thread pool 'TaskFinalizer' minSize=10; maxSize=33; workQueue=LinkedBlockingQueue[10000]; allowCoreThreadTimeout=false
Feb-21 13:45:52.864 [TaskFinalizer-1] DEBUG nextflow.processor.TaskProcessor - Handling unexpected condition for
  task: name=RNASEQ:INDEX (ggal_1_48850000_49020000); work-dir=/Users/edmundmiller/src/seqera/wave-showcase/example4/work/a2/d2ac8afc03b166162ed44ae37e8e52
  error [nextflow.exception.ProcessFailedException]: Process `RNASEQ:INDEX (ggal_1_48850000_49020000)` terminated with an error exit status (125)
Feb-21 13:45:52.870 [TaskFinalizer-1] ERROR nextflow.processor.TaskProcessor - Error executing process > 'RNASEQ:INDEX (ggal_1_48850000_49020000)'

Caused by:
  Process `RNASEQ:INDEX (ggal_1_48850000_49020000)` terminated with an error exit status (125)


Command executed:

  salmon index --threads 1 -t ggal_1_48850000_49020000.Ggal71.500bpflank.fa -i index

Command exit status:
  125

Command output:
  (empty)

Command error:
  docker: Cannot connect to the Docker daemon at unix:///Users/edmundmiller/.docker/run/docker.sock. Is the docker daemon running?.
  See 'docker run --help'.

Work dir:
  /Users/edmundmiller/src/seqera/wave-showcase/example4/work/a2/d2ac8afc03b166162ed44ae37e8e52

Container:
  community.wave.seqera.io/library/salmon:1.10.3--fcd0755dd8abb423

Tip: you can try to figure out what's wrong by changing to the process work dir and showing the script file named `.command.sh`
Feb-21 13:45:52.878 [TaskFinalizer-1] DEBUG nextflow.Session - Session aborted -- Cause: Process `RNASEQ:INDEX (ggal_1_48850000_49020000)` terminated with an error exit status (125)
Feb-21 13:45:52.883 [TaskFinalizer-1] DEBUG nextflow.Session - The following nodes are still active:
[process] MULTIQC
  status=ACTIVE
  port 0: (value) OPEN  ; channel: *
  port 1: (value) bound ; channel: config
  port 2: (cntrl) -     ; channel: $

Feb-21 13:45:52.885 [TaskFinalizer-1] DEBUG nextflow.Session - 
Thread[Actor Thread 10,5,main]
  java.base@17.0.10/jdk.internal.misc.Unsafe.park(Native Method)
  java.base@17.0.10/java.util.concurrent.locks.LockSupport.park(LockSupport.java:341)
  java.base@17.0.10/java.util.concurrent.SynchronousQueue$TransferStack$SNode.block(SynchronousQueue.java:288)
  java.base@17.0.10/java.util.concurrent.ForkJoinPool.unmanagedBlock(ForkJoinPool.java:3465)
  java.base@17.0.10/java.util.concurrent.ForkJoinPool.managedBlock(ForkJoinPool.java:3436)
  java.base@17.0.10/java.util.concurrent.SynchronousQueue$TransferStack.transfer(SynchronousQueue.java:397)
  java.base@17.0.10/java.util.concurrent.SynchronousQueue.take(SynchronousQueue.java:886)
  java.base@17.0.10/java.util.concurrent.ThreadPoolExecutor.getTask(ThreadPoolExecutor.java:1062)
  java.base@17.0.10/java.util.concurrent.ThreadPoolExecutor.runWorker(ThreadPoolExecutor.java:1122)
  java.base@17.0.10/java.util.concurrent.ThreadPoolExecutor$Worker.run(ThreadPoolExecutor.java:635)
  java.base@17.0.10/java.lang.Thread.run(Thread.java:840)

Thread[Actor Thread 9,5,main]
  java.base@17.0.10/jdk.internal.misc.Unsafe.park(Native Method)
  java.base@17.0.10/java.util.concurrent.locks.LockSupport.park(LockSupport.java:341)
  java.base@17.0.10/java.util.concurrent.SynchronousQueue$TransferStack$SNode.block(SynchronousQueue.java:288)
  java.base@17.0.10/java.util.concurrent.ForkJoinPool.unmanagedBlock(ForkJoinPool.java:3465)
  java.base@17.0.10/java.util.concurrent.ForkJoinPool.managedBlock(ForkJoinPool.java:3436)
  java.base@17.0.10/java.util.concurrent.SynchronousQueue$TransferStack.transfer(SynchronousQueue.java:397)
  java.base@17.0.10/java.util.concurrent.SynchronousQueue.take(SynchronousQueue.java:886)
  java.base@17.0.10/java.util.concurrent.ThreadPoolExecutor.getTask(ThreadPoolExecutor.java:1062)
  java.base@17.0.10/java.util.concurrent.ThreadPoolExecutor.runWorker(ThreadPoolExecutor.java:1122)
  java.base@17.0.10/java.util.concurrent.ThreadPoolExecutor$Worker.run(ThreadPoolExecutor.java:635)
  java.base@17.0.10/java.lang.Thread.run(Thread.java:840)

Thread[AnsiLogObserver,5,main]
  java.base@17.0.10/java.lang.Object.wait(Native Method)
  app//nextflow.trace.AnsiLogObserver.render0(AnsiLogObserver.groovy:185)
  java.base@17.0.10/jdk.internal.reflect.NativeMethodAccessorImpl.invoke0(Native Method)
  java.base@17.0.10/jdk.internal.reflect.NativeMethodAccessorImpl.invoke(NativeMethodAccessorImpl.java:77)
  java.base@17.0.10/jdk.internal.reflect.DelegatingMethodAccessorImpl.invoke(DelegatingMethodAccessorImpl.java:43)
  java.base@17.0.10/java.lang.reflect.Method.invoke(Method.java:568)
  app//org.codehaus.groovy.reflection.CachedMethod.invoke(CachedMethod.java:343)
  app//groovy.lang.MetaMethod.doMethodInvoke(MetaMethod.java:328)
  app//groovy.lang.MetaClassImpl.doInvokeMethod(MetaClassImpl.java:1333)
  app//groovy.lang.MetaClassImpl.invokeMethod(MetaClassImpl.java:1088)
  app//groovy.lang.MetaClassImpl.invokeMethodClosure(MetaClassImpl.java:1017)
  app//groovy.lang.MetaClassImpl.doInvokeMethod(MetaClassImpl.java:1207)
  app//groovy.lang.MetaClassImpl.invokeMethod(MetaClassImpl.java:1088)
  app//groovy.lang.MetaClassImpl.invokeMethod(MetaClassImpl.java:1007)
  app//groovy.lang.Closure.call(Closure.java:433)
  app//groovy.lang.Closure.call(Closure.java:412)
  app//groovy.lang.Closure.run(Closure.java:505)
  java.base@17.0.10/java.lang.Thread.run(Thread.java:840)

Thread[Signal Dispatcher,9,system]

Thread[process reaper,10,system]
  java.base@17.0.10/jdk.internal.misc.Unsafe.park(Native Method)
  java.base@17.0.10/java.util.concurrent.locks.LockSupport.parkNanos(LockSupport.java:252)
  java.base@17.0.10/java.util.concurrent.SynchronousQueue$TransferStack.transfer(SynchronousQueue.java:401)
  java.base@17.0.10/java.util.concurrent.SynchronousQueue.poll(SynchronousQueue.java:903)
  java.base@17.0.10/java.util.concurrent.ThreadPoolExecutor.getTask(ThreadPoolExecutor.java:1061)
  java.base@17.0.10/java.util.concurrent.ThreadPoolExecutor.runWorker(ThreadPoolExecutor.java:1122)
  java.base@17.0.10/java.util.concurrent.ThreadPoolExecutor$Worker.run(ThreadPoolExecutor.java:635)
  java.base@17.0.10/java.lang.Thread.run(Thread.java:840)

Thread[Task monitor,5,main]
  java.base@17.0.10/jdk.internal.misc.Unsafe.park(Native Method)
  java.base@17.0.10/java.util.concurrent.locks.LockSupport.parkNanos(LockSupport.java:252)
  java.base@17.0.10/java.util.concurrent.locks.AbstractQueuedSynchronizer$ConditionObject.await(AbstractQueuedSynchronizer.java:1757)
  app//nextflow.processor.TaskPollingMonitor$_await_closure5.doCall(TaskPollingMonitor.groovy:529)
  app//nextflow.processor.TaskPollingMonitor$_await_closure5.call(TaskPollingMonitor.groovy)
  app//nextflow.extension.Bolts.withLock(Bolts.groovy:337)
  app//nextflow.extension.Bolts.withLock(Bolts.groovy)
  app//nextflow.processor.TaskPollingMonitor.await(TaskPollingMonitor.groovy:528)
  app//nextflow.processor.TaskPollingMonitor.pollLoop(TaskPollingMonitor.groovy:453)
  java.base@17.0.10/jdk.internal.reflect.NativeMethodAccessorImpl.invoke0(Native Method)
  java.base@17.0.10/jdk.internal.reflect.NativeMethodAccessorImpl.invoke(NativeMethodAccessorImpl.java:77)
  java.base@17.0.10/jdk.internal.reflect.DelegatingMethodAccessorImpl.invoke(DelegatingMethodAccessorImpl.java:43)
  java.base@17.0.10/java.lang.reflect.Method.invoke(Method.java:568)
  app//org.codehaus.groovy.reflection.CachedMethod.invoke(CachedMethod.java:343)
  app//groovy.lang.MetaMethod.doMethodInvoke(MetaMethod.java:328)
  app//groovy.lang.MetaClassImpl.doInvokeMethod(MetaClassImpl.java:1333)
  app//groovy.lang.MetaClassImpl.invokeMethod(MetaClassImpl.java:1088)
  app//groovy.lang.MetaClassImpl.invokeMethod(MetaClassImpl.java:1007)
  app//org.codehaus.groovy.runtime.InvokerHelper.invokePogoMethod(InvokerHelper.java:645)
  app//org.codehaus.groovy.runtime.InvokerHelper.invokeMethod(InvokerHelper.java:628)
  app//org.codehaus.groovy.runtime.InvokerHelper.invokeMethodSafe(InvokerHelper.java:82)
  app//nextflow.processor.TaskPollingMonitor$_start_closure2.doCall(TaskPollingMonitor.groovy:318)
  app//nextflow.processor.TaskPollingMonitor$_start_closure2.call(TaskPollingMonitor.groovy)
  app//groovy.lang.Closure.run(Closure.java:505)
  java.base@17.0.10/java.lang.Thread.run(Thread.java:840)

Thread[Actor Thread 6,5,main]
  java.base@17.0.10/jdk.internal.misc.Unsafe.park(Native Method)
  java.base@17.0.10/java.util.concurrent.locks.LockSupport.park(LockSupport.java:341)
  java.base@17.0.10/java.util.concurrent.SynchronousQueue$TransferStack$SNode.block(SynchronousQueue.java:288)
  java.base@17.0.10/java.util.concurrent.ForkJoinPool.unmanagedBlock(ForkJoinPool.java:3465)
  java.base@17.0.10/java.util.concurrent.ForkJoinPool.managedBlock(ForkJoinPool.java:3436)
  java.base@17.0.10/java.util.concurrent.SynchronousQueue$TransferStack.transfer(SynchronousQueue.java:397)
  java.base@17.0.10/java.util.concurrent.SynchronousQueue.take(SynchronousQueue.java:886)
  java.base@17.0.10/java.util.concurrent.ThreadPoolExecutor.getTask(ThreadPoolExecutor.java:1062)
  java.base@17.0.10/java.util.concurrent.ThreadPoolExecutor.runWorker(ThreadPoolExecutor.java:1122)
  java.base@17.0.10/java.util.concurrent.ThreadPoolExecutor$Worker.run(ThreadPoolExecutor.java:635)
  java.base@17.0.10/java.lang.Thread.run(Thread.java:840)

Thread[Actor Thread 3,5,main]
  java.base@17.0.10/jdk.internal.misc.Unsafe.park(Native Method)
  java.base@17.0.10/java.util.concurrent.locks.LockSupport.park(LockSupport.java:341)
  java.base@17.0.10/java.util.concurrent.SynchronousQueue$TransferStack$SNode.block(SynchronousQueue.java:288)
  java.base@17.0.10/java.util.concurrent.ForkJoinPool.unmanagedBlock(ForkJoinPool.java:3465)
  java.base@17.0.10/java.util.concurrent.ForkJoinPool.managedBlock(ForkJoinPool.java:3436)
  java.base@17.0.10/java.util.concurrent.SynchronousQueue$TransferStack.transfer(SynchronousQueue.java:397)
  java.base@17.0.10/java.util.concurrent.SynchronousQueue.take(SynchronousQueue.java:886)
  java.base@17.0.10/java.util.concurrent.ThreadPoolExecutor.getTask(ThreadPoolExecutor.java:1062)
  java.base@17.0.10/java.util.concurrent.ThreadPoolExecutor.runWorker(ThreadPoolExecutor.java:1122)
  java.base@17.0.10/java.util.concurrent.ThreadPoolExecutor$Worker.run(ThreadPoolExecutor.java:635)
  java.base@17.0.10/java.lang.Thread.run(Thread.java:840)

Thread[main,5,main]
  java.base@17.0.10/jdk.internal.misc.Unsafe.park(Native Method)
  java.base@17.0.10/java.util.concurrent.locks.LockSupport.park(LockSupport.java:341)
  java.base@17.0.10/java.util.concurrent.locks.AbstractQueuedSynchronizer$ConditionNode.block(AbstractQueuedSynchronizer.java:506)
  java.base@17.0.10/java.util.concurrent.ForkJoinPool.unmanagedBlock(ForkJoinPool.java:3465)
  java.base@17.0.10/java.util.concurrent.ForkJoinPool.managedBlock(ForkJoinPool.java:3436)
  java.base@17.0.10/java.util.concurrent.locks.AbstractQueuedSynchronizer$ConditionObject.await(AbstractQueuedSynchronizer.java:1623)
  app//nextflow.util.Barrier$_awaitCompletion_closure3.doCall(Barrier.groovy:92)
  app//nextflow.util.Barrier$_awaitCompletion_closure3.call(Barrier.groovy)
  app//nextflow.extension.Bolts.withLock(Bolts.groovy:337)
  app//nextflow.extension.Bolts.withLock(Bolts.groovy)
  app//nextflow.util.Barrier.awaitCompletion(Barrier.groovy:89)
  app//nextflow.Session.await(Session.groovy:676)
  app//nextflow.script.ScriptRunner.await(ScriptRunner.groovy:256)
  app//nextflow.script.ScriptRunner.execute(ScriptRunner.groovy:144)
  app//nextflow.cli.CmdRun.run(CmdRun.groovy:376)
  app//nextflow.cli.Launcher.run(Launcher.groovy:503)
  app//nextflow.cli.Launcher.main(Launcher.groovy:658)

Thread[pool-2-thread-1,5,main]
  java.base@17.0.10/jdk.internal.misc.Unsafe.park(Native Method)
  java.base@17.0.10/java.util.concurrent.locks.LockSupport.park(LockSupport.java:341)
  java.base@17.0.10/java.util.concurrent.locks.AbstractQueuedSynchronizer$ConditionNode.block(AbstractQueuedSynchronizer.java:506)
  java.base@17.0.10/java.util.concurrent.ForkJoinPool.unmanagedBlock(ForkJoinPool.java:3465)
  java.base@17.0.10/java.util.concurrent.ForkJoinPool.managedBlock(ForkJoinPool.java:3436)
  java.base@17.0.10/java.util.concurrent.locks.AbstractQueuedSynchronizer$ConditionObject.await(AbstractQueuedSynchronizer.java:1623)
  java.base@17.0.10/java.util.concurrent.LinkedBlockingQueue.take(LinkedBlockingQueue.java:435)
  java.base@17.0.10/java.util.concurrent.ThreadPoolExecutor.getTask(ThreadPoolExecutor.java:1062)
  java.base@17.0.10/java.util.concurrent.ThreadPoolExecutor.runWorker(ThreadPoolExecutor.java:1122)
  java.base@17.0.10/java.util.concurrent.ThreadPoolExecutor$Worker.run(ThreadPoolExecutor.java:635)
  java.base@17.0.10/java.lang.Thread.run(Thread.java:840)

Thread[Finalizer,8,system]
  java.base@17.0.10/java.lang.Object.wait(Native Method)
  java.base@17.0.10/java.lang.ref.ReferenceQueue.remove(ReferenceQueue.java:155)
  java.base@17.0.10/java.lang.ref.ReferenceQueue.remove(ReferenceQueue.java:176)
  java.base@17.0.10/java.lang.ref.Finalizer$FinalizerThread.run(Finalizer.java:172)

Thread[HttpClient-1-Worker-3,5,main]
  java.base@17.0.10/jdk.internal.misc.Unsafe.park(Native Method)
  java.base@17.0.10/java.util.concurrent.locks.LockSupport.parkNanos(LockSupport.java:252)
  java.base@17.0.10/java.util.concurrent.SynchronousQueue$TransferStack.transfer(SynchronousQueue.java:401)
  java.base@17.0.10/java.util.concurrent.SynchronousQueue.poll(SynchronousQueue.java:903)
  java.base@17.0.10/java.util.concurrent.ThreadPoolExecutor.getTask(ThreadPoolExecutor.java:1061)
  java.base@17.0.10/java.util.concurrent.ThreadPoolExecutor.runWorker(ThreadPoolExecutor.java:1122)
  java.base@17.0.10/java.util.concurrent.ThreadPoolExecutor$Worker.run(ThreadPoolExecutor.java:635)
  java.base@17.0.10/java.lang.Thread.run(Thread.java:840)

Thread[HttpClient-1-Worker-0,5,main]
  java.base@17.0.10/jdk.internal.misc.Unsafe.park(Native Method)
  java.base@17.0.10/java.util.concurrent.locks.LockSupport.parkNanos(LockSupport.java:252)
  java.base@17.0.10/java.util.concurrent.SynchronousQueue$TransferStack.transfer(SynchronousQueue.java:401)
  java.base@17.0.10/java.util.concurrent.SynchronousQueue.poll(SynchronousQueue.java:903)
  java.base@17.0.10/java.util.concurrent.ThreadPoolExecutor.getTask(ThreadPoolExecutor.java:1061)
  java.base@17.0.10/java.util.concurrent.ThreadPoolExecutor.runWorker(ThreadPoolExecutor.java:1122)
  java.base@17.0.10/java.util.concurrent.ThreadPoolExecutor$Worker.run(ThreadPoolExecutor.java:635)
  java.base@17.0.10/java.lang.Thread.run(Thread.java:840)

Thread[Actor Thread 7,5,main]
  java.base@17.0.10/jdk.internal.misc.Unsafe.park(Native Method)
  java.base@17.0.10/java.util.concurrent.locks.LockSupport.park(LockSupport.java:341)
  java.base@17.0.10/java.util.concurrent.SynchronousQueue$TransferStack$SNode.block(SynchronousQueue.java:288)
  java.base@17.0.10/java.util.concurrent.ForkJoinPool.unmanagedBlock(ForkJoinPool.java:3465)
  java.base@17.0.10/java.util.concurrent.ForkJoinPool.managedBlock(ForkJoinPool.java:3436)
  java.base@17.0.10/java.util.concurrent.SynchronousQueue$TransferStack.transfer(SynchronousQueue.java:397)
  java.base@17.0.10/java.util.concurrent.SynchronousQueue.take(SynchronousQueue.java:886)
  java.base@17.0.10/java.util.concurrent.ThreadPoolExecutor.getTask(ThreadPoolExecutor.java:1062)
  java.base@17.0.10/java.util.concurrent.ThreadPoolExecutor.runWorker(ThreadPoolExecutor.java:1122)
  java.base@17.0.10/java.util.concurrent.ThreadPoolExecutor$Worker.run(ThreadPoolExecutor.java:635)
  java.base@17.0.10/java.lang.Thread.run(Thread.java:840)

Thread[Reference Handler,10,system]
  java.base@17.0.10/java.lang.ref.Reference.waitForReferencePendingList(Native Method)
  java.base@17.0.10/java.lang.ref.Reference.processPendingReferences(Reference.java:253)
  java.base@17.0.10/java.lang.ref.Reference$ReferenceHandler.run(Reference.java:215)

Thread[JGit-FileStoreAttributeReader-1,5,main]
  java.base@17.0.10/jdk.internal.misc.Unsafe.park(Native Method)
  java.base@17.0.10/java.util.concurrent.locks.LockSupport.park(LockSupport.java:341)
  java.base@17.0.10/java.util.concurrent.locks.AbstractQueuedSynchronizer$ConditionNode.block(AbstractQueuedSynchronizer.java:506)
  java.base@17.0.10/java.util.concurrent.ForkJoinPool.unmanagedBlock(ForkJoinPool.java:3465)
  java.base@17.0.10/java.util.concurrent.ForkJoinPool.managedBlock(ForkJoinPool.java:3436)
  java.base@17.0.10/java.util.concurrent.locks.AbstractQueuedSynchronizer$ConditionObject.await(AbstractQueuedSynchronizer.java:1623)
  java.base@17.0.10/java.util.concurrent.LinkedBlockingQueue.take(LinkedBlockingQueue.java:435)
  java.base@17.0.10/java.util.concurrent.ThreadPoolExecutor.getTask(ThreadPoolExecutor.java:1062)
  java.base@17.0.10/java.util.concurrent.ThreadPoolExecutor.runWorker(ThreadPoolExecutor.java:1122)
  java.base@17.0.10/java.util.concurrent.ThreadPoolExecutor$Worker.run(ThreadPoolExecutor.java:635)
  java.base@17.0.10/java.lang.Thread.run(Thread.java:840)

Thread[Actor Thread 1,5,main]
  java.base@17.0.10/jdk.internal.misc.Unsafe.park(Native Method)
  java.base@17.0.10/java.util.concurrent.locks.LockSupport.park(LockSupport.java:341)
  java.base@17.0.10/java.util.concurrent.SynchronousQueue$TransferStack$SNode.block(SynchronousQueue.java:288)
  java.base@17.0.10/java.util.concurrent.ForkJoinPool.unmanagedBlock(ForkJoinPool.java:3465)
  java.base@17.0.10/java.util.concurrent.ForkJoinPool.managedBlock(ForkJoinPool.java:3436)
  java.base@17.0.10/java.util.concurrent.SynchronousQueue$TransferStack.transfer(SynchronousQueue.java:397)
  java.base@17.0.10/java.util.concurrent.SynchronousQueue.take(SynchronousQueue.java:886)
  java.base@17.0.10/java.util.concurrent.ThreadPoolExecutor.getTask(ThreadPoolExecutor.java:1062)
  java.base@17.0.10/java.util.concurrent.ThreadPoolExecutor.runWorker(ThreadPoolExecutor.java:1122)
  java.base@17.0.10/java.util.concurrent.ThreadPoolExecutor$Worker.run(ThreadPoolExecutor.java:635)
  java.base@17.0.10/java.lang.Thread.run(Thread.java:840)

Thread[Actor Thread 4,5,main]
  java.base@17.0.10/jdk.internal.misc.Unsafe.park(Native Method)
  java.base@17.0.10/java.util.concurrent.locks.LockSupport.park(LockSupport.java:341)
  java.base@17.0.10/java.util.concurrent.SynchronousQueue$TransferStack$SNode.block(SynchronousQueue.java:288)
  java.base@17.0.10/java.util.concurrent.ForkJoinPool.unmanagedBlock(ForkJoinPool.java:3465)
  java.base@17.0.10/java.util.concurrent.ForkJoinPool.managedBlock(ForkJoinPool.java:3436)
  java.base@17.0.10/java.util.concurrent.SynchronousQueue$TransferStack.transfer(SynchronousQueue.java:397)
  java.base@17.0.10/java.util.concurrent.SynchronousQueue.take(SynchronousQueue.java:886)
  java.base@17.0.10/java.util.concurrent.ThreadPoolExecutor.getTask(ThreadPoolExecutor.java:1062)
  java.base@17.0.10/java.util.concurrent.ThreadPoolExecutor.runWorker(ThreadPoolExecutor.java:1122)
  java.base@17.0.10/java.util.concurrent.ThreadPoolExecutor$Worker.run(ThreadPoolExecutor.java:635)
  java.base@17.0.10/java.lang.Thread.run(Thread.java:840)

Thread[Common-Cleaner,8,InnocuousThreadGroup]
  java.base@17.0.10/java.lang.Object.wait(Native Method)
  java.base@17.0.10/java.lang.ref.ReferenceQueue.remove(ReferenceQueue.java:155)
  java.base@17.0.10/jdk.internal.ref.CleanerImpl.run(CleanerImpl.java:140)
  java.base@17.0.10/java.lang.Thread.run(Thread.java:840)
  java.base@17.0.10/jdk.internal.misc.InnocuousThread.run(InnocuousThread.java:162)

Thread[Actor Thread 2,5,main]
  java.base@17.0.10/jdk.internal.misc.Unsafe.park(Native Method)
  java.base@17.0.10/java.util.concurrent.locks.LockSupport.park(LockSupport.java:341)
  java.base@17.0.10/java.util.concurrent.SynchronousQueue$TransferStack$SNode.block(SynchronousQueue.java:288)
  java.base@17.0.10/java.util.concurrent.ForkJoinPool.unmanagedBlock(ForkJoinPool.java:3465)
  java.base@17.0.10/java.util.concurrent.ForkJoinPool.managedBlock(ForkJoinPool.java:3436)
  java.base@17.0.10/java.util.concurrent.SynchronousQueue$TransferStack.transfer(SynchronousQueue.java:397)
  java.base@17.0.10/java.util.concurrent.SynchronousQueue.take(SynchronousQueue.java:886)
  java.base@17.0.10/java.util.concurrent.ThreadPoolExecutor.getTask(ThreadPoolExecutor.java:1062)
  java.base@17.0.10/java.util.concurrent.ThreadPoolExecutor.runWorker(ThreadPoolExecutor.java:1122)
  java.base@17.0.10/java.util.concurrent.ThreadPoolExecutor$Worker.run(ThreadPoolExecutor.java:635)
  java.base@17.0.10/java.lang.Thread.run(Thread.java:840)

Thread[Actor Thread 11,5,main]
  java.base@17.0.10/jdk.internal.misc.Unsafe.park(Native Method)
  java.base@17.0.10/java.util.concurrent.locks.LockSupport.park(LockSupport.java:341)
  java.base@17.0.10/java.util.concurrent.SynchronousQueue$TransferStack$SNode.block(SynchronousQueue.java:288)
  java.base@17.0.10/java.util.concurrent.ForkJoinPool.unmanagedBlock(ForkJoinPool.java:3465)
  java.base@17.0.10/java.util.concurrent.ForkJoinPool.managedBlock(ForkJoinPool.java:3436)
  java.base@17.0.10/java.util.concurrent.SynchronousQueue$TransferStack.transfer(SynchronousQueue.java:397)
  java.base@17.0.10/java.util.concurrent.SynchronousQueue.take(SynchronousQueue.java:886)
  java.base@17.0.10/java.util.concurrent.ThreadPoolExecutor.getTask(ThreadPoolExecutor.java:1062)
  java.base@17.0.10/java.util.concurrent.ThreadPoolExecutor.runWorker(ThreadPoolExecutor.java:1122)
  java.base@17.0.10/java.util.concurrent.ThreadPoolExecutor$Worker.run(ThreadPoolExecutor.java:635)
  java.base@17.0.10/java.lang.Thread.run(Thread.java:840)

Thread[PathVisitor-1,5,main]
  java.base@17.0.10/jdk.internal.misc.Unsafe.park(Native Method)
  java.base@17.0.10/java.util.concurrent.locks.LockSupport.parkNanos(LockSupport.java:252)
  java.base@17.0.10/java.util.concurrent.SynchronousQueue$TransferStack.transfer(SynchronousQueue.java:401)
  java.base@17.0.10/java.util.concurrent.SynchronousQueue.poll(SynchronousQueue.java:903)
  java.base@17.0.10/java.util.concurrent.ThreadPoolExecutor.getTask(ThreadPoolExecutor.java:1061)
  java.base@17.0.10/java.util.concurrent.ThreadPoolExecutor.runWorker(ThreadPoolExecutor.java:1122)
  java.base@17.0.10/java.util.concurrent.ThreadPoolExecutor$Worker.run(ThreadPoolExecutor.java:635)
  java.base@17.0.10/java.lang.Thread.run(Thread.java:840)

Thread[HttpClient-1-SelectorManager,5,main]
  java.base@17.0.10/sun.nio.ch.KQueue.poll(Native Method)
  java.base@17.0.10/sun.nio.ch.KQueueSelectorImpl.doSelect(KQueueSelectorImpl.java:122)
  java.base@17.0.10/sun.nio.ch.SelectorImpl.lockAndDoSelect(SelectorImpl.java:129)
  java.base@17.0.10/sun.nio.ch.SelectorImpl.select(SelectorImpl.java:141)
  platform/java.net.http@17.0.10/jdk.internal.net.http.HttpClientImpl$SelectorManager.run(HttpClientImpl.java:889)

Thread[Task submitter,5,main]
  java.base@17.0.10/jdk.internal.misc.Unsafe.park(Native Method)
  java.base@17.0.10/java.util.concurrent.locks.LockSupport.park(LockSupport.java:211)
  java.base@17.0.10/java.util.concurrent.CompletableFuture$Signaller.block(CompletableFuture.java:1864)
  java.base@17.0.10/java.util.concurrent.ForkJoinPool.unmanagedBlock(ForkJoinPool.java:3465)
  java.base@17.0.10/java.util.concurrent.ForkJoinPool.managedBlock(ForkJoinPool.java:3436)
  java.base@17.0.10/java.util.concurrent.CompletableFuture.waitingGet(CompletableFuture.java:1898)
  java.base@17.0.10/java.util.concurrent.CompletableFuture.get(CompletableFuture.java:2072)
  platform/java.net.http@17.0.10/jdk.internal.net.http.HttpClientImpl.send(HttpClientImpl.java:553)
  platform/java.net.http@17.0.10/jdk.internal.net.http.HttpClientFacade.send(HttpClientFacade.java:123)
  io.seqera.wave.plugin.WaveClient$_httpSend_lambda7.doCall(WaveClient.groovy:798)
  io.seqera.wave.plugin.WaveClient$$Lambda$500/0x000000080063f080.get(Unknown Source)
  app//dev.failsafe.Functions.lambda$toCtxSupplier$11(Functions.java:236)
  app//dev.failsafe.Functions$$Lambda$512/0x00000008006597f8.get(Unknown Source)
  app//dev.failsafe.Functions.lambda$get$0(Functions.java:46)
  app//dev.failsafe.Functions$$Lambda$514/0x000000080065a7a0.apply(Unknown Source)
  app//dev.failsafe.internal.RetryPolicyExecutor.lambda$apply$0(RetryPolicyExecutor.java:75)
  app//dev.failsafe.internal.RetryPolicyExecutor$$Lambda$519/0x000000080065b280.apply(Unknown Source)
  app//dev.failsafe.SyncExecutionImpl.executeSync(SyncExecutionImpl.java:176)
  app//dev.failsafe.FailsafeExecutor.call(FailsafeExecutor.java:437)
  app//dev.failsafe.FailsafeExecutor.get(FailsafeExecutor.java:115)
  io.seqera.wave.plugin.WaveClient.safeApply(WaveClient.groovy:792)
  io.seqera.wave.plugin.WaveClient.httpSend(WaveClient.groovy:798)
  io.seqera.wave.plugin.WaveClient.containerStatus(WaveClient.groovy:672)
  io.seqera.wave.plugin.WaveClient.checkContainerCompletion(WaveClient.groovy:595)
  io.seqera.wave.plugin.WaveClient.isContainerReady(WaveClient.groovy:650)
  io.seqera.wave.plugin.resolver.WaveContainerResolver.isContainerReady(WaveContainerResolver.groovy:134)
  java.base@17.0.10/java.lang.invoke.DirectMethodHandle$Holder.invokeInterface(DirectMethodHandle$Holder)
  java.base@17.0.10/java.lang.invoke.LambdaForm$MH/0x0000000800228c00.invoke(LambdaForm$MH)
  java.base@17.0.10/java.lang.invoke.LambdaForm$MH/0x000000080018d800.guardWithCatch(LambdaForm$MH)
  java.base@17.0.10/java.lang.invoke.LambdaForm$MH/0x000000080018e000.reinvoke(LambdaForm$MH)
  java.base@17.0.10/java.lang.invoke.LambdaForm$MH/0x000000080018e400.guard(LambdaForm$MH)
  java.base@17.0.10/java.lang.invoke.LambdaForm$MH/0x000000080018e000.reinvoke(LambdaForm$MH)
  java.base@17.0.10/java.lang.invoke.LambdaForm$MH/0x000000080018e400.guard(LambdaForm$MH)
  java.base@17.0.10/java.lang.invoke.LambdaForm$MH/0x000000080018e000.reinvoke(LambdaForm$MH)
  java.base@17.0.10/java.lang.invoke.LambdaForm$MH/0x0000000800235400.invoke(LambdaForm$MH)
  java.base@17.0.10/java.lang.invoke.LambdaForm$MH/0x0000000800181000.invokeExact_MT(LambdaForm$MH)
  app//org.codehaus.groovy.vmplugin.v8.IndyInterface.fromCache(IndyInterface.java:321)
  java.base@17.0.10/java.lang.invoke.LambdaForm$DMH/0x000000080012ec00.invokeStatic(LambdaForm$DMH)
  java.base@17.0.10/java.lang.invoke.LambdaForm$MH/0x000000080018d000.invoke(LambdaForm$MH)
  java.base@17.0.10/java.lang.invoke.Invokers$Holder.linkToCallSite(Invokers$Holder)
  app//nextflow.processor.TaskRun.isContainerReady(TaskRun.groovy:720)
  app//nextflow.processor.TaskHandler.isReady(TaskHandler.groovy:252)
  app//nextflow.processor.TaskPollingMonitor.canSubmit(TaskPollingMonitor.groovy:196)
  app//nextflow.processor.LocalPollingMonitor.canSubmit(LocalPollingMonitor.groovy:177)
  app//nextflow.processor.TaskPollingMonitor.submitPendingTasks(TaskPollingMonitor.groovy:596)
  app//nextflow.processor.TaskPollingMonitor.submitLoop(TaskPollingMonitor.groovy:415)
  java.base@17.0.10/jdk.internal.reflect.NativeMethodAccessorImpl.invoke0(Native Method)
  java.base@17.0.10/jdk.internal.reflect.NativeMethodAccessorImpl.invoke(NativeMethodAccessorImpl.java:77)
  java.base@17.0.10/jdk.internal.reflect.DelegatingMethodAccessorImpl.invoke(DelegatingMethodAccessorImpl.java:43)
  java.base@17.0.10/java.lang.reflect.Method.invoke(Method.java:568)
  app//org.codehaus.groovy.reflection.CachedMethod.invoke(CachedMethod.java:343)
  app//groovy.lang.MetaMethod.doMethodInvoke(MetaMethod.java:328)
  app//groovy.lang.MetaClassImpl.doInvokeMethod(MetaClassImpl.java:1333)
  app//groovy.lang.MetaClassImpl.invokeMethod(MetaClassImpl.java:1088)
  app//groovy.lang.MetaClassImpl.invokeMethodClosure(MetaClassImpl.java:1017)
  app//groovy.lang.MetaClassImpl.doInvokeMethod(MetaClassImpl.java:1207)
  app//groovy.lang.MetaClassImpl.invokeMethod(MetaClassImpl.java:1088)
  app//groovy.lang.MetaClassImpl.invokeMethod(MetaClassImpl.java:1007)
  app//groovy.lang.Closure.call(Closure.java:433)
  app//groovy.lang.Closure.call(Closure.java:412)
  app//groovy.lang.Closure.run(Closure.java:505)
  java.base@17.0.10/java.lang.Thread.run(Thread.java:840)

Thread[Thread-4,5,main]
  java.base@17.0.10/jdk.internal.misc.Unsafe.park(Native Method)
  java.base@17.0.10/java.util.concurrent.locks.LockSupport.parkNanos(LockSupport.java:252)
  java.base@17.0.10/java.util.concurrent.locks.AbstractQueuedSynchronizer$ConditionObject.awaitNanos(AbstractQueuedSynchronizer.java:1672)
  java.base@17.0.10/java.util.concurrent.LinkedBlockingDeque.pollFirst(LinkedBlockingDeque.java:515)
  java.base@17.0.10/java.util.concurrent.LinkedBlockingDeque.poll(LinkedBlockingDeque.java:677)
  app//nextflow.util.SimpleAgent.run(SimpleAgent.groovy:89)
  java.base@17.0.10/jdk.internal.reflect.NativeMethodAccessorImpl.invoke0(Native Method)
  java.base@17.0.10/jdk.internal.reflect.NativeMethodAccessorImpl.invoke(NativeMethodAccessorImpl.java:77)
  java.base@17.0.10/jdk.internal.reflect.DelegatingMethodAccessorImpl.invoke(DelegatingMethodAccessorImpl.java:43)
  java.base@17.0.10/java.lang.reflect.Method.invoke(Method.java:568)
  app//org.codehaus.groovy.reflection.CachedMethod.invoke(CachedMethod.java:343)
  app//groovy.lang.MetaMethod.doMethodInvoke(MetaMethod.java:328)
  app//groovy.lang.MetaClassImpl.doInvokeMethod(MetaClassImpl.java:1333)
  app//groovy.lang.MetaClassImpl.invokeMethod(MetaClassImpl.java:1088)
  app//groovy.lang.MetaClassImpl.invokeMethodClosure(MetaClassImpl.java:1017)
  app//groovy.lang.MetaClassImpl.doInvokeMethod(MetaClassImpl.java:1207)
  app//groovy.lang.MetaClassImpl.invokeMethod(MetaClassImpl.java:1088)
  app//groovy.lang.MetaClassImpl.invokeMethod(MetaClassImpl.java:1007)
  app//groovy.lang.Closure.call(Closure.java:433)
  app//groovy.lang.Closure.call(Closure.java:412)
  app//groovy.lang.Closure.run(Closure.java:505)
  java.base@17.0.10/java.lang.Thread.run(Thread.java:840)

Thread[Actor Thread 12,5,main]
  java.base@17.0.10/jdk.internal.misc.Unsafe.park(Native Method)
  java.base@17.0.10/java.util.concurrent.locks.LockSupport.park(LockSupport.java:341)
  java.base@17.0.10/java.util.concurrent.SynchronousQueue$TransferStack$SNode.block(SynchronousQueue.java:288)
  java.base@17.0.10/java.util.concurrent.ForkJoinPool.unmanagedBlock(ForkJoinPool.java:3465)
  java.base@17.0.10/java.util.concurrent.ForkJoinPool.managedBlock(ForkJoinPool.java:3436)
  java.base@17.0.10/java.util.concurrent.SynchronousQueue$TransferStack.transfer(SynchronousQueue.java:397)
  java.base@17.0.10/java.util.concurrent.SynchronousQueue.take(SynchronousQueue.java:886)
  java.base@17.0.10/java.util.concurrent.ThreadPoolExecutor.getTask(ThreadPoolExecutor.java:1062)
  java.base@17.0.10/java.util.concurrent.ThreadPoolExecutor.runWorker(ThreadPoolExecutor.java:1122)
  java.base@17.0.10/java.util.concurrent.ThreadPoolExecutor$Worker.run(ThreadPoolExecutor.java:635)
  java.base@17.0.10/java.lang.Thread.run(Thread.java:840)

Thread[Actor Thread 8,5,main]
  java.base@17.0.10/java.lang.ClassLoader.defineClass1(Native Method)
  java.base@17.0.10/java.lang.ClassLoader.defineClass(ClassLoader.java:1017)
  java.base@17.0.10/java.security.SecureClassLoader.defineClass(SecureClassLoader.java:150)
  java.base@17.0.10/jdk.internal.loader.BuiltinClassLoader.defineClass(BuiltinClassLoader.java:862)
  java.base@17.0.10/jdk.internal.loader.BuiltinClassLoader.findClassOnClassPathOrNull(BuiltinClassLoader.java:760)
  java.base@17.0.10/jdk.internal.loader.BuiltinClassLoader.loadClassOrNull(BuiltinClassLoader.java:681)
  java.base@17.0.10/jdk.internal.loader.BuiltinClassLoader.loadClass(BuiltinClassLoader.java:639)
  java.base@17.0.10/jdk.internal.loader.ClassLoaders$AppClassLoader.loadClass(ClassLoaders.java:188)
  java.base@17.0.10/java.lang.ClassLoader.loadClass(ClassLoader.java:525)
  java.base@17.0.10/java.lang.Class.getDeclaredMethods0(Native Method)
  java.base@17.0.10/java.lang.Class.privateGetDeclaredMethods(Class.java:3402)
  java.base@17.0.10/java.lang.Class.getDeclaredMethods(Class.java:2504)
  app//org.codehaus.groovy.reflection.CachedClass$3.lambda$initValue$4(CachedClass.java:84)
  app//org.codehaus.groovy.reflection.CachedClass$3$$Lambda$10/0x0000000800091508.run(Unknown Source)
  java.base@17.0.10/java.security.AccessController.executePrivileged(AccessController.java:776)
  java.base@17.0.10/java.security.AccessController.doPrivileged(AccessController.java:318)
  app//org.codehaus.groovy.reflection.CachedClass.doPrivileged(CachedClass.java:160)
  app//org.codehaus.groovy.reflection.CachedClass.access$000(CachedClass.java:45)
  app//org.codehaus.groovy.reflection.CachedClass$3.initValue(CachedClass.java:93)
  app//org.codehaus.groovy.reflection.CachedClass$3.initValue(CachedClass.java:77)
  app//org.codehaus.groovy.util.LazyReference.getLocked(LazyReference.java:50)
  app//org.codehaus.groovy.util.LazyReference.get(LazyReference.java:37)
  app//org.codehaus.groovy.reflection.CachedClass.getMethods(CachedClass.java:268)
  app//groovy.lang.MetaClassImpl.populateMethods(MetaClassImpl.java:394)
  app//groovy.lang.MetaClassImpl.fillMethodIndex(MetaClassImpl.java:375)
  app//groovy.lang.MetaClassImpl.reinitialize(MetaClassImpl.java:3446)
  app//groovy.lang.MetaClassImpl.initialize(MetaClassImpl.java:3441)
  app//org.codehaus.groovy.reflection.ClassInfo.getMetaClassUnderLock(ClassInfo.java:272)
  app//org.codehaus.groovy.reflection.ClassInfo.getMetaClass(ClassInfo.java:314)
  app//org.codehaus.groovy.runtime.metaclass.MetaClassRegistryImpl.getMetaClass(MetaClassRegistryImpl.java:269)
  app//org.codehaus.groovy.vmplugin.v8.Selector$InitSelector.getMetaClass(Selector.java:406)
  app//org.codehaus.groovy.vmplugin.v8.Selector$MethodSelector.setCallSiteTarget(Selector.java:1020)
  app//org.codehaus.groovy.vmplugin.v8.IndyInterface.fallback(IndyInterface.java:360)
  app//org.codehaus.groovy.vmplugin.v8.IndyInterface.access$000(IndyInterface.java:50)
  app//org.codehaus.groovy.vmplugin.v8.IndyInterface$FallbackSupplier.get(IndyInterface.java:282)
  app//org.codehaus.groovy.vmplugin.v8.IndyInterface.lambda$fromCache$1(IndyInterface.java:304)
  app//org.codehaus.groovy.vmplugin.v8.IndyInterface$$Lambda$95/0x0000000800136650.provide(Unknown Source)
  app//org.codehaus.groovy.vmplugin.v8.CacheableCallSite.getAndPut(CacheableCallSite.java:70)
  app//org.codehaus.groovy.vmplugin.v8.IndyInterface.lambda$fromCache$2(IndyInterface.java:301)
  app//org.codehaus.groovy.vmplugin.v8.IndyInterface$$Lambda$94/0x0000000800136218.apply(Unknown Source)
  app//org.codehaus.groovy.vmplugin.v8.IndyInterface.doWithCallSite(IndyInterface.java:376)
  app//org.codehaus.groovy.vmplugin.v8.IndyInterface.fromCache(IndyInterface.java:298)
  java.base@17.0.10/java.lang.invoke.LambdaForm$DMH/0x000000080012ec00.invokeStatic(LambdaForm$DMH)
  java.base@17.0.10/java.lang.invoke.LambdaForm$MH/0x0000000800135400.invoke(LambdaForm$MH)
  java.base@17.0.10/java.lang.invoke.Invokers$Holder.linkToCallSite(Invokers$Holder)
  app//nextflow.util.KryoHelper.newInstance(SerializationHelper.groovy:87)
  java.base@17.0.10/jdk.internal.reflect.NativeMethodAccessorImpl.invoke0(Native Method)
  java.base@17.0.10/jdk.internal.reflect.NativeMethodAccessorImpl.invoke(NativeMethodAccessorImpl.java:77)
  java.base@17.0.10/jdk.internal.reflect.DelegatingMethodAccessorImpl.invoke(DelegatingMethodAccessorImpl.java:43)
  java.base@17.0.10/java.lang.reflect.Method.invoke(Method.java:568)
  app//org.codehaus.groovy.reflection.CachedMethod.invoke(CachedMethod.java:343)
  app//groovy.lang.MetaMethod.doMethodInvoke(MetaMethod.java:328)
  app//groovy.lang.MetaClassImpl.invokeStaticMethod(MetaClassImpl.java:1586)
  app//org.codehaus.groovy.runtime.InvokerHelper.invokeMethod(InvokerHelper.java:611)
  app//org.codehaus.groovy.runtime.ScriptBytecodeAdapter.invokeMethodN(ScriptBytecodeAdapter.java:182)
  app//nextflow.util.KryoHelper$1.methodMissing(SerializationHelper.groovy)
  java.base@17.0.10/jdk.internal.reflect.NativeMethodAccessorImpl.invoke0(Native Method)
  java.base@17.0.10/jdk.internal.reflect.NativeMethodAccessorImpl.invoke(NativeMethodAccessorImpl.java:77)
  java.base@17.0.10/jdk.internal.reflect.DelegatingMethodAccessorImpl.invoke(DelegatingMethodAccessorImpl.java:43)
  java.base@17.0.10/java.lang.reflect.Method.invoke(Method.java:568)
  app//org.codehaus.groovy.reflection.CachedMethod.invoke(CachedMethod.java:343)
  app//groovy.lang.MetaClassImpl.invokeMissingMethod(MetaClassImpl.java:924)
  app//groovy.lang.MetaClassImpl.invokePropertyOrMissing(MetaClassImpl.java:1413)
  app//groovy.lang.MetaClassImpl.doInvokeMethod(MetaClassImpl.java:1335)
  app//groovy.lang.MetaClassImpl.invokeMethod(MetaClassImpl.java:1088)
  app//groovy.lang.MetaClassImpl.invokeMethod(MetaClassImpl.java:1007)
  java.base@17.0.10/java.lang.invoke.LambdaForm$DMH/0x000000080013ac00.invokeInterface(LambdaForm$DMH)
  java.base@17.0.10/java.lang.invoke.LambdaForm$MH/0x000000080023d400.invoke(LambdaForm$MH)
  java.base@17.0.10/java.lang.invoke.LambdaForm$MH/0x000000080025ac00.invoke(LambdaForm$MH)
  java.base@17.0.10/java.lang.invoke.LambdaForm$MH/0x0000000800225400.guardWithCatch(LambdaForm$MH)
  java.base@17.0.10/java.lang.invoke.LambdaForm$MH/0x0000000800139400.reinvoke(LambdaForm$MH)
  java.base@17.0.10/java.lang.invoke.LambdaForm$MH/0x0000000800139800.guard(LambdaForm$MH)
  java.base@17.0.10/java.lang.invoke.LambdaForm$MH/0x0000000800139400.reinvoke(LambdaForm$MH)
  java.base@17.0.10/java.lang.invoke.LambdaForm$MH/0x0000000800139800.guard(LambdaForm$MH)
  java.base@17.0.10/java.lang.invoke.LambdaForm$MH/0x0000000800139400.reinvoke(LambdaForm$MH)
  java.base@17.0.10/java.lang.invoke.LambdaForm$MH/0x00000008001bcc00.invoke(LambdaForm$MH)
  java.base@17.0.10/java.lang.invoke.LambdaForm$MH/0x0000000800181000.invokeExact_MT(LambdaForm$MH)
  app//org.codehaus.groovy.vmplugin.v8.IndyInterface.fromCache(IndyInterface.java:321)
  java.base@17.0.10/java.lang.invoke.LambdaForm$DMH/0x000000080012ec00.invokeStatic(LambdaForm$DMH)
  java.base@17.0.10/java.lang.invoke.LambdaForm$MH/0x0000000800135400.invoke(LambdaForm$MH)
  java.base@17.0.10/java.lang.invoke.Invokers$Holder.linkToCallSite(Invokers$Holder)
  app//nextflow.util.KryoHelper$1.initialValue(SerializationHelper.groovy:60)
  app//nextflow.util.KryoHelper$1.initialValue(SerializationHelper.groovy)
  java.base@17.0.10/java.lang.ThreadLocal.setInitialValue(ThreadLocal.java:195)
  java.base@17.0.10/java.lang.ThreadLocal.get(ThreadLocal.java:172)
  java.base@17.0.10/java.lang.invoke.DirectMethodHandle$Holder.invokeVirtual(DirectMethodHandle$Holder)
  java.base@17.0.10/java.lang.invoke.LambdaForm$MH/0x0000000800225400.guardWithCatch(LambdaForm$MH)
  java.base@17.0.10/java.lang.invoke.LambdaForm$MH/0x0000000800139400.reinvoke(LambdaForm$MH)
  java.base@17.0.10/java.lang.invoke.LambdaForm$MH/0x0000000800139800.guard(LambdaForm$MH)
  java.base@17.0.10/java.lang.invoke.LambdaForm$MH/0x0000000800139400.reinvoke(LambdaForm$MH)
  java.base@17.0.10/java.lang.invoke.LambdaForm$MH/0x0000000800139800.guard(LambdaForm$MH)
  java.base@17.0.10/java.lang.invoke.LambdaForm$MH/0x0000000800139400.reinvoke(LambdaForm$MH)
  java.base@17.0.10/java.lang.invoke.LambdaForm$MH/0x00000008001bcc00.invoke(LambdaForm$MH)
  java.base@17.0.10/java.lang.invoke.LambdaForm$MH/0x0000000800181000.invokeExact_MT(LambdaForm$MH)
  app//org.codehaus.groovy.vmplugin.v8.IndyInterface.fromCache(IndyInterface.java:321)
  java.base@17.0.10/java.lang.invoke.LambdaForm$DMH/0x000000080012ec00.invokeStatic(LambdaForm$DMH)
  java.base@17.0.10/java.lang.invoke.LambdaForm$MH/0x0000000800135400.invoke(LambdaForm$MH)
  java.base@17.0.10/java.lang.invoke.Invokers$Holder.linkToCallSite(Invokers$Holder)
  app//nextflow.util.KryoHelper.kryo(SerializationHelper.groovy:79)
  java.base@17.0.10/java.lang.invoke.DirectMethodHandle$Holder.invokeStatic(DirectMethodHandle$Holder)
  java.base@17.0.10/java.lang.invoke.LambdaForm$MH/0x0000000800224c00.invoke(LambdaForm$MH)
  java.base@17.0.10/java.lang.invoke.LambdaForm$MH/0x0000000800225400.guardWithCatch(LambdaForm$MH)
  java.base@17.0.10/java.lang.invoke.LambdaForm$MH/0x0000000800139400.reinvoke(LambdaForm$MH)
  java.base@17.0.10/java.lang.invoke.LambdaForm$MH/0x0000000800139800.guard(LambdaForm$MH)
  java.base@17.0.10/java.lang.invoke.LambdaForm$MH/0x0000000800139400.reinvoke(LambdaForm$MH)
  java.base@17.0.10/java.lang.invoke.LambdaForm$MH/0x00000008001bcc00.invoke(LambdaForm$MH)
  java.base@17.0.10/java.lang.invoke.LambdaForm$MH/0x0000000800181000.invokeExact_MT(LambdaForm$MH)
  app//org.codehaus.groovy.vmplugin.v8.IndyInterface.fromCache(IndyInterface.java:321)
  java.base@17.0.10/java.lang.invoke.LambdaForm$DMH/0x000000080012ec00.invokeStatic(LambdaForm$DMH)
  java.base@17.0.10/java.lang.invoke.LambdaForm$MH/0x0000000800135400.invoke(LambdaForm$MH)
  java.base@17.0.10/java.lang.invoke.Invokers$Holder.linkToCallSite(Invokers$Holder)
  app//nextflow.util.KryoHelper.serialize(SerializationHelper.groovy:166)
  app//nextflow.trace.TraceRecord.serialize(TraceRecord.groovy:573)
  app//nextflow.cache.CacheDB.writeTaskEntry0(CacheDB.groovy:147)
  java.base@17.0.10/jdk.internal.reflect.NativeMethodAccessorImpl.invoke0(Native Method)
  java.base@17.0.10/jdk.internal.reflect.NativeMethodAccessorImpl.invoke(NativeMethodAccessorImpl.java:77)
  java.base@17.0.10/jdk.internal.reflect.DelegatingMethodAccessorImpl.invoke(DelegatingMethodAccessorImpl.java:43)
  java.base@17.0.10/java.lang.reflect.Method.invoke(Method.java:568)
  app//org.codehaus.groovy.reflection.CachedMethod.invoke(CachedMethod.java:343)
  app//groovy.lang.MetaMethod.doMethodInvoke(MetaMethod.java:328)
  app//groovy.lang.MetaClassImpl.doInvokeMethod(MetaClassImpl.java:1333)
  app//groovy.lang.MetaClassImpl.invokeMethod(MetaClassImpl.java:1088)
  app//groovy.lang.MetaClassImpl.invokeMethod(MetaClassImpl.java:1007)
  app//org.codehaus.groovy.runtime.InvokerHelper.invokePogoMethod(InvokerHelper.java:645)
  app//org.codehaus.groovy.runtime.InvokerHelper.invokeMethod(InvokerHelper.java:628)
  app//org.codehaus.groovy.runtime.InvokerHelper.invokeMethodSafe(InvokerHelper.java:82)
  app//nextflow.cache.CacheDB$_putTaskAsync_closure1.doCall(CacheDB.groovy:157)
  app//nextflow.cache.CacheDB$_putTaskAsync_closure1.call(CacheDB.groovy)
  app//groovyx.gpars.agent.AgentBase.onMessage(AgentBase.java:102)
  app//groovyx.gpars.agent.Agent.handleMessage(Agent.java:84)
  app//groovyx.gpars.agent.AgentCore$1.handleMessage(AgentCore.java:48)
  app//groovyx.gpars.util.AsyncMessagingCore.run(AsyncMessagingCore.java:132)
  java.base@17.0.10/java.util.concurrent.ThreadPoolExecutor.runWorker(ThreadPoolExecutor.java:1136)
  java.base@17.0.10/java.util.concurrent.ThreadPoolExecutor$Worker.run(ThreadPoolExecutor.java:635)
  java.base@17.0.10/java.lang.Thread.run(Thread.java:840)

Thread[HttpClient-1-Worker-1,5,main]
  java.base@17.0.10/jdk.internal.misc.Unsafe.park(Native Method)
  java.base@17.0.10/java.util.concurrent.locks.LockSupport.parkNanos(LockSupport.java:252)
  java.base@17.0.10/java.util.concurrent.SynchronousQueue$TransferStack.transfer(SynchronousQueue.java:401)
  java.base@17.0.10/java.util.concurrent.SynchronousQueue.poll(SynchronousQueue.java:903)
  java.base@17.0.10/java.util.concurrent.ThreadPoolExecutor.getTask(ThreadPoolExecutor.java:1061)
  java.base@17.0.10/java.util.concurrent.ThreadPoolExecutor.runWorker(ThreadPoolExecutor.java:1122)
  java.base@17.0.10/java.util.concurrent.ThreadPoolExecutor$Worker.run(ThreadPoolExecutor.java:635)
  java.base@17.0.10/java.lang.Thread.run(Thread.java:840)

Thread[HttpClient-1-Worker-2,5,main]
  java.base@17.0.10/jdk.internal.misc.Unsafe.park(Native Method)
  java.base@17.0.10/java.util.concurrent.locks.LockSupport.parkNanos(LockSupport.java:252)
  java.base@17.0.10/java.util.concurrent.SynchronousQueue$TransferStack.transfer(SynchronousQueue.java:401)
  java.base@17.0.10/java.util.concurrent.SynchronousQueue.poll(SynchronousQueue.java:903)
  java.base@17.0.10/java.util.concurrent.ThreadPoolExecutor.getTask(ThreadPoolExecutor.java:1061)
  java.base@17.0.10/java.util.concurrent.ThreadPoolExecutor.runWorker(ThreadPoolExecutor.java:1122)
  java.base@17.0.10/java.util.concurrent.ThreadPoolExecutor$Worker.run(ThreadPoolExecutor.java:635)
  java.base@17.0.10/java.lang.Thread.run(Thread.java:840)

Thread[TaskFinalizer-1,5,main]
  java.base@17.0.10/java.lang.Thread.dumpThreads(Native Method)
  java.base@17.0.10/java.lang.Thread.getAllStackTraces(Thread.java:1671)
  app//nextflow.util.SysHelper.dumpThreads(SysHelper.groovy:188)
  app//nextflow.Session.abort(Session.groovy:800)
  app//nextflow.Session.fault(Session.groovy:766)
  app//nextflow.processor.TaskPollingMonitor.finalizeTask(TaskPollingMonitor.groovy:695)
  app//nextflow.processor.TaskPollingMonitor.safeFinalizeTask(TaskPollingMonitor.groovy:678)
  java.base@17.0.10/jdk.internal.reflect.NativeMethodAccessorImpl.invoke0(Native Method)
  java.base@17.0.10/jdk.internal.reflect.NativeMethodAccessorImpl.invoke(NativeMethodAccessorImpl.java:77)
  java.base@17.0.10/jdk.internal.reflect.DelegatingMethodAccessorImpl.invoke(DelegatingMethodAccessorImpl.java:43)
  java.base@17.0.10/java.lang.reflect.Method.invoke(Method.java:568)
  app//org.codehaus.groovy.reflection.CachedMethod.invoke(CachedMethod.java:343)
  app//groovy.lang.MetaMethod.doMethodInvoke(MetaMethod.java:328)
  app//groovy.lang.MetaClassImpl.doInvokeMethod(MetaClassImpl.java:1333)
  app//groovy.lang.MetaClassImpl.invokeMethod(MetaClassImpl.java:1088)
  app//groovy.lang.MetaClassImpl.invokeMethod(MetaClassImpl.java:1007)
  app//org.codehaus.groovy.runtime.InvokerHelper.invokePogoMethod(InvokerHelper.java:645)
  app//org.codehaus.groovy.runtime.InvokerHelper.invokeMethod(InvokerHelper.java:628)
  app//org.codehaus.groovy.runtime.InvokerHelper.invokeMethodSafe(InvokerHelper.java:82)
  app//nextflow.processor.TaskPollingMonitor$_checkTaskStatus_lambda8.doCall(TaskPollingMonitor.groovy:668)
  app//nextflow.processor.TaskPollingMonitor$$Lambda$714/0x00000008006b7240.run(Unknown Source)
  java.base@17.0.10/java.util.concurrent.Executors$RunnableAdapter.call(Executors.java:539)
  java.base@17.0.10/java.util.concurrent.FutureTask.run(FutureTask.java:264)
  java.base@17.0.10/java.util.concurrent.ThreadPoolExecutor.runWorker(ThreadPoolExecutor.java:1136)
  java.base@17.0.10/java.util.concurrent.ThreadPoolExecutor$Worker.run(ThreadPoolExecutor.java:635)
  java.base@17.0.10/java.lang.Thread.run(Thread.java:840)

Thread[Notification Thread,9,system]

Thread[Actor Thread 5,5,main]
  java.base@17.0.10/jdk.internal.misc.Unsafe.park(Native Method)
  java.base@17.0.10/java.util.concurrent.locks.LockSupport.park(LockSupport.java:341)
  java.base@17.0.10/java.util.concurrent.SynchronousQueue$TransferStack$SNode.block(SynchronousQueue.java:288)
  java.base@17.0.10/java.util.concurrent.ForkJoinPool.unmanagedBlock(ForkJoinPool.java:3465)
  java.base@17.0.10/java.util.concurrent.ForkJoinPool.managedBlock(ForkJoinPool.java:3436)
  java.base@17.0.10/java.util.concurrent.SynchronousQueue$TransferStack.transfer(SynchronousQueue.java:397)
  java.base@17.0.10/java.util.concurrent.SynchronousQueue.take(SynchronousQueue.java:886)
  java.base@17.0.10/java.util.concurrent.ThreadPoolExecutor.getTask(ThreadPoolExecutor.java:1062)
  java.base@17.0.10/java.util.concurrent.ThreadPoolExecutor.runWorker(ThreadPoolExecutor.java:1122)
  java.base@17.0.10/java.util.concurrent.ThreadPoolExecutor$Worker.run(ThreadPoolExecutor.java:635)
  java.base@17.0.10/java.lang.Thread.run(Thread.java:840)

Feb-21 13:45:52.885 [main] DEBUG nextflow.Session - Session await > all processes finished
Feb-21 13:45:52.886 [main] DEBUG nextflow.Session - Session await > all barriers passed
Feb-21 13:45:52.886 [Task monitor] DEBUG n.processor.TaskPollingMonitor - <<< barrier arrives (monitor: local) - terminating tasks monitor poll loop
Feb-21 13:45:52.888 [main] DEBUG n.trace.WorkflowStatsObserver - Workflow completed > WorkflowStats[succeededCount=0; failedCount=1; ignoredCount=0; cachedCount=0; pendingCount=1; submittedCount=0; runningCount=0; retriesCount=0; abortedCount=0; succeedDuration=0ms; failedDuration=197ms; cachedDuration=0ms;loadCpus=0; loadMemory=0; peakRunning=1; peakCpus=1; peakMemory=0; ]
Feb-21 13:45:52.961 [Task submitter] DEBUG io.seqera.wave.plugin.WaveClient - Wave container status response: statusCode=200; body={"id":"3b553518272f","status":"DONE","buildId":"bd-af7a5314d5015c29_1","scanId":"sc-a618548acbee5a8a_13","succeeded":true,"creationTime":"2024-10-21T10:21:00.225770553Z","duration":120.719487355}
Feb-21 13:45:52.964 [Task submitter] DEBUG n.executor.local.LocalTaskHandler - Launch cmd line: /bin/bash -ue .command.run
Feb-21 13:45:52.964 [Task submitter] INFO  nextflow.Session - [cc/0100c6] Submitted process > RNASEQ:FASTQC (FASTQC on ggal_gut)
Feb-21 13:45:53.081 [main] DEBUG nextflow.cache.CacheDB - Closing CacheDB done
Feb-21 13:45:53.092 [main] INFO  org.pf4j.AbstractPluginManager - Stop plugin 'nf-wave@1.7.4'
Feb-21 13:45:53.092 [main] DEBUG nextflow.plugin.BasePlugin - Plugin stopped nf-wave
Feb-21 13:45:53.092 [main] INFO  org.pf4j.AbstractPluginManager - Stop plugin 'nf-tower@1.9.3'
Feb-21 13:45:53.092 [main] DEBUG nextflow.plugin.BasePlugin - Plugin stopped nf-tower
Feb-21 13:45:53.092 [main] INFO  org.pf4j.AbstractPluginManager - Stop plugin 'nf-notify@0.1.0'
Feb-21 13:45:53.092 [main] DEBUG nextflow.plugin.BasePlugin - Plugin stopped nf-notify
Feb-21 13:45:53.092 [main] DEBUG nextflow.script.ScriptRunner - > Execution complete -- Goodbye
